// Jest Snapshot v1, https://goo.gl/fbAQLP

exports[`Loading component should render Not found component 1`] = `
<div
  className="not-found"
>
  <div
    className="message"
  >
    <h1>
      Page Not Found
    </h1>
  </div>
  <a
    href="/"
  >
    Take me back to home
  </a>
</div>
`;
