// Jest Snapshot v1, https://goo.gl/fbAQLP

exports[`<Error /> should render correctly 1`] = `
<div
  className="error-msg"
>
  <span>
    Oops something went wrong.
  </span>
</div>
`;
