// Jest Snapshot v1, https://goo.gl/fbAQLP

exports[`<Table /> should render correctly 1`] = `
<div
  className="table-container"
>
  <TableHeader
    headers={
      Array [
        "header1",
        "header2",
      ]
    }
  />
  <TableBody
    data={
      Array [
        Object {
          "id": 1,
          "name": "bitcoin",
        },
        Object {
          "id": 2,
          "name": "litecoin",
        },
      ]
    }
  />
</div>
`;
